// Jest Snapshot v1, https://goo.gl/fbAQLP

exports[`Counter should match a snapshot 1`] = `
ShallowWrapper {
  "length": 1,
  Symbol(enzyme.__root__): [Circular],
  Symbol(enzyme.__unrendered__): <CounterClazz
    reduxAdd={[Function]}
    reduxCounter={0}
    store={
      Object {
        "dispatch": [Function],
        "getState": [Function],
        "replaceReducer": [Function],
        "subscribe": [Function],
        Symbol(observable): [Function],
      }
    }
    storeSubscription={
      Subscription {
        "listeners": Object {
          "clear": [Function],
          "get": [Function],
          "notify": [Function],
          "subscribe": [Function],
        },
        "onStateChange": [Function],
        "parentSub": undefined,
        "store": Object {
          "dispatch": [Function],
          "getState": [Function],
          "replaceReducer": [Function],
          "subscribe": [Function],
          Symbol(observable): [Function],
        },
        "unsubscribe": [Function],
      }
    }
  />,
  Symbol(enzyme.__renderer__): Object {
    "batchedUpdates": [Function],
    "getNode": [Function],
    "render": [Function],
    "simulateEvent": [Function],
    "unmount": [Function],
  },
  Symbol(enzyme.__node__): Object {
    "instance": null,
    "key": undefined,
    "nodeType": "host",
    "props": Object {
      "children": Array [
        <div>
          Counter: 
          0
        </div>,
        <div>
          Text: 
        </div>,
        <div>
          Redux Counter: 
          0
        </div>,
        <div>
          <input
            onChange={[Function]}
          />
        </div>,
      ],
    },
    "ref": null,
    "rendered": Array [
      Object {
        "instance": null,
        "key": undefined,
        "nodeType": "host",
        "props": Object {
          "children": Array [
            "Counter: ",
            0,
          ],
        },
        "ref": null,
        "rendered": Array [
          "Counter: ",
          0,
        ],
        "type": "div",
      },
      Object {
        "instance": null,
        "key": undefined,
        "nodeType": "host",
        "props": Object {
          "children": Array [
            "Text: ",
            undefined,
          ],
        },
        "ref": null,
        "rendered": Array [
          "Text: ",
          undefined,
        ],
        "type": "div",
      },
      Object {
        "instance": null,
        "key": undefined,
        "nodeType": "host",
        "props": Object {
          "children": Array [
            "Redux Counter: ",
            0,
          ],
        },
        "ref": null,
        "rendered": Array [
          "Redux Counter: ",
          0,
        ],
        "type": "div",
      },
      Object {
        "instance": null,
        "key": undefined,
        "nodeType": "host",
        "props": Object {
          "children": <input
            onChange={[Function]}
          />,
        },
        "ref": null,
        "rendered": Object {
          "instance": null,
          "key": undefined,
          "nodeType": "host",
          "props": Object {
            "onChange": [Function],
          },
          "ref": null,
          "rendered": null,
          "type": "input",
        },
        "type": "div",
      },
    ],
    "type": "div",
  },
  Symbol(enzyme.__nodes__): Array [
    Object {
      "instance": null,
      "key": undefined,
      "nodeType": "host",
      "props": Object {
        "children": Array [
          <div>
            Counter: 
            0
          </div>,
          <div>
            Text: 
          </div>,
          <div>
            Redux Counter: 
            0
          </div>,
          <div>
            <input
              onChange={[Function]}
            />
          </div>,
        ],
      },
      "ref": null,
      "rendered": Array [
        Object {
          "instance": null,
          "key": undefined,
          "nodeType": "host",
          "props": Object {
            "children": Array [
              "Counter: ",
              0,
            ],
          },
          "ref": null,
          "rendered": Array [
            "Counter: ",
            0,
          ],
          "type": "div",
        },
        Object {
          "instance": null,
          "key": undefined,
          "nodeType": "host",
          "props": Object {
            "children": Array [
              "Text: ",
              undefined,
            ],
          },
          "ref": null,
          "rendered": Array [
            "Text: ",
            undefined,
          ],
          "type": "div",
        },
        Object {
          "instance": null,
          "key": undefined,
          "nodeType": "host",
          "props": Object {
            "children": Array [
              "Redux Counter: ",
              0,
            ],
          },
          "ref": null,
          "rendered": Array [
            "Redux Counter: ",
            0,
          ],
          "type": "div",
        },
        Object {
          "instance": null,
          "key": undefined,
          "nodeType": "host",
          "props": Object {
            "children": <input
              onChange={[Function]}
            />,
          },
          "ref": null,
          "rendered": Object {
            "instance": null,
            "key": undefined,
            "nodeType": "host",
            "props": Object {
              "onChange": [Function],
            },
            "ref": null,
            "rendered": null,
            "type": "input",
          },
          "type": "div",
        },
      ],
      "type": "div",
    },
  ],
  Symbol(enzyme.__options__): Object {
    "adapter": ReactSixteenAdapter {
      "options": Object {
        "enableComponentDidUpdateOnSetState": true,
      },
    },
  },
}
`;
